[digitonaut.com/art/satellites_art/index.html]
[digitonaut.com/art/saturated_fractal/index.html]
[digitonaut.com/art/scherk_full_speed/index.html]
[backblue.gif]
[fade.gif]
[index.html]
[digitonaut.com/art/sea_anemone/index.html]
[digitonaut.com/art/scifi/index.html]
[digitonaut.com/art/satellites_art/openProcessing.js]
[digitonaut.com/art/sea_of_modulation/index.html]
[digitonaut.com/art/sea_of_fog/index.html]
[digitonaut.com/art/sea_of_pearls/index.html]
[digitonaut.com/art/secco/index.html]
[digitonaut.com/art/seeding/index.html]
[digitonaut.com/art/selmi_triangles/index.html]
[digitonaut.com/art/separation/index.html]
[digitonaut.com/art/seven_dragons/index.html]
[digitonaut.com/art/shader_lab_crater_terrain/index.html]
[digitonaut.com/art/shader_three_tunnel/index.html]
[digitonaut.com/art/shaderlamp/index.html]
[digitonaut.com/art/shapeshifter/index.html]
[digitonaut.com/art/shiny-sphere-lights/index.html]
[digitonaut.com/art/signal_barrel/index.html]
[digitonaut.com/art/signal_field/index.html]
[digitonaut.com/art/signed_distance_fields/index.html]
[digitonaut.com/art/signed_plasma/index.html]
[digitonaut.com/art/sky/index.html]
[digitonaut.com/art/sky_path/index.html]
[digitonaut.com/art/sky_ride/index.html]
[digitonaut.com/art/skyline/index.html]
[digitonaut.com/art/slim/index.html]
[digitonaut.com/art/slinky/index.html]
[digitonaut.com/art/smoke_horizon/index.html]
[digitonaut.com/art/smooth_triangular_voronoi/index.html]
[digitonaut.com/art/smooth_union/index.html]
[digitonaut.com/art/snowfall/index.html]
[digitonaut.com/art/satellites_art/script.js]
[digitonaut.com/art/satellites_art/index.html]
[digitonaut.com/art/soap_bubble/index.html]
[digitonaut.com/art/solar_quartet/index.html]
[digitonaut.com/art/soap_bubbles/index.html]
[digitonaut.com/art/something_pretty/index.html]
[digitonaut.com/art/somewhere_in_1993/index.html]
[digitonaut.com/art/space_hole/index.html]
[digitonaut.com/art/space_ocean/index.html]
[digitonaut.com/art/space_race/index.html]
[digitonaut.com/art/space_rocket/index.html]
[digitonaut.com/art/space_structure/index.html]
[digitonaut.com/art/space-to-surface_flight/index.html]
[digitonaut.com/art/saturated_fractal/main.js]
[digitonaut.com/art/saturated_fractal/index.html]
[digitonaut.com/art/sparks_drifting/index.html]
[digitonaut.com/art/sparse_grid_marching/index.html]
[digitonaut.com/art/spate/index.html]
[digitonaut.com/art/speed_and_ghost/index.html]
[digitonaut.com/art/speed_and_lines/index.html]
[digitonaut.com/art/speed_in_snow/index.html]
[digitonaut.com/art/speed_on_ocean_sunrise/index.html]
[digitonaut.com/art/spherical-polyhedra/index.html]
[digitonaut.com/art/scherk_full_speed/main.js]
[digitonaut.com/art/scherk_full_speed/index.html]
[digitonaut.com/art/spiky/index.html]
[digitonaut.com/art/spinning_squares/index.html]
[digitonaut.com/art/spiral_architect/index.html]
[digitonaut.com/art/spiral_riders/index.html]
[digitonaut.com/art/saturated_fractal/three.min.js]
[digitonaut.com/art/spirograph/index.html]
[digitonaut.com/art/scifi/main.js]
[digitonaut.com/art/scifi/index.html]
[digitonaut.com/art/spiro-rose/index.html]
[digitonaut.com/art/spring_variant/index.html]
[digitonaut.com/art/square_portals/index.html]
[digitonaut.com/art/scherk_full_speed/three.min.js]
[digitonaut.com/art/stacks_and_balance/index.html]
[digitonaut.com/art/stairway_to_heaven/index.html]
[digitonaut.com/art/stars_field/index.html]
[digitonaut.com/art/sea_anemone/script.js]
[digitonaut.com/art/sea_anemone/index.html]
[digitonaut.com/art/strange_world/index.html]
[digitonaut.com/art/strange_tubes/index.html]
[digitonaut.com/art/street_wall_art/index.html]
[digitonaut.com/art/string_theory/index.html]
[digitonaut.com/art/styx/index.html]
[digitonaut.com/art/submarine_alien_life/index.html]
[digitonaut.com/art/scifi/three.min.js]
[digitonaut.com/art/subtle_scales/index.html]
[digitonaut.com/art/subterranean_fly_through/index.html]
[digitonaut.com/art/sun_lines/index.html]
[digitonaut.com/art/sunrise_sunset/index.html]
[digitonaut.com/art/supernova_pulse/index.html]
[digitonaut.com/art/swirling_dots/index.html]
[digitonaut.com/art/swirly_doodles/index.html]
[digitonaut.com/art/swirly_electric_rainbow/index.html]
[digitonaut.com/art/symmetric_origins/index.html]
[digitonaut.com/art/symmetric_waves/index.html]
[digitonaut.com/art/sea_of_fog/index.html]
[digitonaut.com/art/sea_of_fog/main.js]
[digitonaut.com/art/sea_of_modulation/index.html]
[digitonaut.com/art/sea_of_modulation/shader-web-background.min.js]
[digitonaut.com/art/sea_of_pearls/index.html]
[digitonaut.com/art/sea_of_pearls/shader-web-background.min.js]
[digitonaut.com/art/secco/index.html]
[digitonaut.com/art/secco/script.js]
[digitonaut.com/art/seeding/index.html]
[digitonaut.com/art/selmi_triangles/shader-web-background.min.js]
[digitonaut.com/art/selmi_triangles/index.html]
[digitonaut.com/art/separation/s1.js]
[digitonaut.com/art/separation/s2.js]
[digitonaut.com/art/seeding/css-doodle.min.js]
[digitonaut.com/art/separation/index.html]
[digitonaut.com/art/separation/script.js]
[digitonaut.com/art/seven_dragons/index.html]
[digitonaut.com/art/seven_dragons/script.js]
[digitonaut.com/art/shader_lab_crater_terrain/utils.js]
[digitonaut.com/art/shader_lab_crater_terrain/ggreynoise512.png]
[digitonaut.com/art/shader_lab_crater_terrain/page.css]
[digitonaut.com/art/shader_lab_crater_terrain/index.html]
[digitonaut.com/art/shader_three_tunnel/shader-web-background.min.js]
[digitonaut.com/art/shader_three_tunnel/index.html]
[digitonaut.com/art/shaderlamp/shader-web-background.min.js]
[digitonaut.com/art/shaderlamp/index.html]
[digitonaut.com/art/shapeshifter/shader-web-background.min.js]
[digitonaut.com/art/shapeshifter/index.html]
[digitonaut.com/art/shiny-sphere-lights/shader-web-background.min.js]
[digitonaut.com/art/shiny-sphere-lights/index.html]
[digitonaut.com/art/sea_of_fog/three.min.js]
[digitonaut.com/art/signal_barrel/jquery.min.js]
[digitonaut.com/art/signal_barrel/TweenMax.min.js]
[digitonaut.com/art/signal_barrel/dat.gui.min.js]
[digitonaut.com/art/signal_barrel/CurveExtras.js]
[digitonaut.com/art/signal_barrel/postprocessing.js]
[digitonaut.com/art/signal_barrel/script.js]
[digitonaut.com/art/signal_barrel/index.html]
[digitonaut.com/art/signal_barrel/three.min.js]
[digitonaut.com/art/signal_field/shader-web-background.min.js]
[digitonaut.com/art/signal_field/index.html]
[digitonaut.com/art/signed_distance_fields/index.html]
[digitonaut.com/art/signed_distance_fields/shader-web-background.min.js]
[digitonaut.com/art/signed_plasma/index.html]
[digitonaut.com/art/sky/shader-web-background.min.js]
[digitonaut.com/art/sky/index.html]
[digitonaut.com/art/signed_plasma/script.js]
[digitonaut.com/art/sky_path/index.html]
[digitonaut.com/art/sky_path/main.js]
[digitonaut.com/art/satellites_art/p5.js]
[digitonaut.com/art/sky_ride/main.js]
[digitonaut.com/art/sky_ride/index.html]
[digitonaut.com/art/signed_plasma/three.min.js]
[digitonaut.com/art/sky_path/three.min.js]
[digitonaut.com/art/skyline/index.html]
[digitonaut.com/art/skyline/main.js]
[digitonaut.com/art/sky_ride/three.min.js]
[digitonaut.com/art/slim/index.html]
[digitonaut.com/art/slim/script.js]
[digitonaut.com/art/slinky/index.html]
[digitonaut.com/art/slinky/shader-web-background.min.js]
[digitonaut.com/art/skyline/three.min.js]
[digitonaut.com/art/smoke_horizon/index.html]
[digitonaut.com/art/smoke_horizon/script.js]
[digitonaut.com/art/smooth_triangular_voronoi/index.html]
[digitonaut.com/art/smooth_triangular_voronoi/shader-web-background.min.js]
[digitonaut.com/art/smooth_union/index.html]
[digitonaut.com/art/smooth_union/shader-web-background.min.js]
[digitonaut.com/art/snowfall/ccapture.js]
[digitonaut.com/art/snowfall/script.js]
[digitonaut.com/art/snowfall/index.html]
[digitonaut.com/art/slim/three.min.js]
[digitonaut.com/art/smoke_horizon/three.min.js]
[digitonaut.com/art/soap_bubble/randomColor.min.js]
[digitonaut.com/art/soap_bubble/OrbitControls.js]
[digitonaut.com/art/soap_bubble/TweenMax.min.js]
[digitonaut.com/art/soap_bubble/index.html]
[digitonaut.com/art/soap_bubble/script.js]
[digitonaut.com/art/soap_bubbles/shader-web-background.min.js]
[digitonaut.com/art/soap_bubbles/index.html]
[digitonaut.com/art/solar_quartet/index.html]
[digitonaut.com/art/solar_quartet/script.js]
[digitonaut.com/art/something_pretty/script.js]
[digitonaut.com/art/something_pretty/index.html]
[digitonaut.com/art/somewhere_in_1993/shader-web-background.min.js]
[digitonaut.com/art/snowfall/three.min.js]
[digitonaut.com/art/somewhere_in_1993/index.html]
[digitonaut.com/art/space_hole/index.html]
[digitonaut.com/art/space_ocean/main.js]
[digitonaut.com/art/space_ocean/index.html]
[digitonaut.com/art/soap_bubble/three.min.js]
[digitonaut.com/art/space_race/shader-web-background.min.js]
[digitonaut.com/art/something_pretty/p5.min.js]
[digitonaut.com/art/space_race/ichannel0.png]
[digitonaut.com/art/space_race/index.html]
[digitonaut.com/art/space_ocean/three.min.js]
[digitonaut.com/art/space_rocket/ThreeCSG.js]
[digitonaut.com/art/space_rocket/OrbitControls.js]
[digitonaut.com/art/space_rocket/TweenMax.min.js]
[digitonaut.com/art/space_rocket/index.html]
[digitonaut.com/art/space_rocket/script.js]
[digitonaut.com/art/space_structure/index.html]
[digitonaut.com/art/space_structure/main.js]
[digitonaut.com/art/space_rocket/three.min.js]
[digitonaut.com/art/space-to-surface_flight/index.html]
[digitonaut.com/art/space-to-surface_flight/main.js]
[digitonaut.com/art/sparks_drifting/shader-web-background.min.js]
[digitonaut.com/art/sparks_drifting/index.html]
[digitonaut.com/art/sparse_grid_marching/shader-web-background.min.js]
[digitonaut.com/art/sparse_grid_marching/index.html]
[digitonaut.com/art/spate/script.js]
[digitonaut.com/art/spate/index.html]
[digitonaut.com/art/speed_and_ghost/shader-web-background.min.js]
[digitonaut.com/art/speed_and_ghost/index.html]
[digitonaut.com/art/speed_and_lines/shader-web-background.min.js]
[digitonaut.com/art/speed_and_lines/index.html]
[digitonaut.com/art/speed_in_snow/shader-web-background.min.js]
[digitonaut.com/art/speed_in_snow/ichannel0.jpg]
[digitonaut.com/art/space_structure/three.min.js]
[digitonaut.com/art/speed_in_snow/index.html]
[digitonaut.com/art/speed_on_ocean_sunrise/shader-web-background.min.js]
[digitonaut.com/art/speed_on_ocean_sunrise/index.html]
[digitonaut.com/art/space-to-surface_flight/three.min.js]
[digitonaut.com/art/spate/d3.v4.min.js]
[digitonaut.com/art/spherical-polyhedra/index.html]
[digitonaut.com/art/spherical-polyhedra/shader-web-background.min.js]
[digitonaut.com/art/spiky/index.html]
[digitonaut.com/art/spiky/script.js]
[digitonaut.com/art/spinning_squares/script.js]
[digitonaut.com/art/spinning_squares/index.html]
[digitonaut.com/art/spiral_architect/Vector2.min.js]
[digitonaut.com/art/spiral_architect/index.html]
[digitonaut.com/art/spiral_architect/script.js]
[digitonaut.com/art/spiral_riders/index.html]
[digitonaut.com/art/spiral_riders/shader-web-background.min.js]
[digitonaut.com/art/spirograph/script.js]
[digitonaut.com/art/spirograph/index.html]
[digitonaut.com/art/spiro-rose/index.html]
[digitonaut.com/art/spring_variant/wtc-gl.js]
[digitonaut.com/art/spring_variant/index.html]
[digitonaut.com/art/spring_variant/script.js]
[digitonaut.com/art/square_portals/shader-web-background.min.js]
[digitonaut.com/art/spiro-rose/processing.min.js]
[digitonaut.com/art/square_portals/ichannel0.jpg]
[digitonaut.com/art/square_portals/ichannel1.jpg]
[digitonaut.com/art/square_portals/ichannel2.jpg]
[digitonaut.com/art/square_portals/index.html]
[digitonaut.com/art/spring_variant/p5.min.js]
[digitonaut.com/art/stacks_and_balance/mattermin.js]
[digitonaut.com/art/stacks_and_balance/p5-mattermin.js]
[digitonaut.com/art/stacks_and_balance/openProcessing.js]
[digitonaut.com/art/stacks_and_balance/index.html]
[digitonaut.com/art/stacks_and_balance/script.js]
[digitonaut.com/art/stairway_to_heaven/index.html]
[digitonaut.com/art/stairway_to_heaven/main.js]
[digitonaut.com/art/stars_field/index.html]
[digitonaut.com/art/stars_field/shader-web-background.min.js]
[digitonaut.com/art/strange_tubes/simplex-noise.min.js]
[digitonaut.com/art/strange_tubes/chroma.min.js]
[digitonaut.com/art/strange_tubes/OrbitControls.js]
[digitonaut.com/art/strange_tubes/script.js]
[digitonaut.com/art/strange_tubes/index.html]
[digitonaut.com/art/stairway_to_heaven/three.min.js]
[digitonaut.com/art/strange_world/main.js]
[digitonaut.com/art/strange_world/index.html]
[digitonaut.com/art/street_wall_art/openProcessing.js]
[digitonaut.com/art/strange_tubes/three.min.js]
[digitonaut.com/art/street_wall_art/script.js]
[digitonaut.com/art/street_wall_art/index.html]
[digitonaut.com/art/string_theory/shader-web-background.min.js]
[digitonaut.com/art/string_theory/index.html]
[digitonaut.com/art/strange_world/three.min.js]
[digitonaut.com/art/styx/main.js]
[digitonaut.com/art/styx/index.html]
[digitonaut.com/art/styx/three.min.js]
[digitonaut.com/art/submarine_alien_life/main.js]
[digitonaut.com/art/submarine_alien_life/index.html]
[digitonaut.com/art/subterranean_fly_through/shader-web-background.min.js]
[digitonaut.com/art/submarine_alien_life/three.min.js]
[digitonaut.com/art/subterranean_fly_through/ichannel0.png]
[digitonaut.com/art/subterranean_fly_through/index.html]
[digitonaut.com/art/stacks_and_balance/p5.js]
[digitonaut.com/art/subtle_scales/main.js]
[digitonaut.com/art/subtle_scales/index.html]
[digitonaut.com/art/sun_lines/openProcessing.js]
[digitonaut.com/art/subtle_scales/three.min.js]
[digitonaut.com/art/sun_lines/index.html]
[digitonaut.com/art/sun_lines/script.js]
[digitonaut.com/art/sunrise_sunset/shader-web-background.min.js]
[digitonaut.com/art/sunrise_sunset/ichannel0.png]
[digitonaut.com/art/sunrise_sunset/index.html]
[digitonaut.com/art/supernova_pulse/shader-web-background.min.js]
[digitonaut.com/art/supernova_pulse/index.html]
[digitonaut.com/art/street_wall_art/p5.js]
[digitonaut.com/art/swirling_dots/script.js]
[digitonaut.com/art/swirling_dots/index.html]
[digitonaut.com/art/swirling_dots/86_three.min.js]
[digitonaut.com/art/swirly_doodles/script.js]
[digitonaut.com/art/swirly_doodles/index.html]
[digitonaut.com/art/swirly_electric_rainbow/script.js]
[digitonaut.com/art/swirly_electric_rainbow/index.html]
[digitonaut.com/art/symmetric_origins/shader-web-background.min.js]
[digitonaut.com/art/symmetric_origins/index.html]
[digitonaut.com/art/symmetric_waves/index.html]
[digitonaut.com/art/symmetric_waves/script.js]
[digitonaut.com/art/saturated_fractal/main.css]
[digitonaut.com/art/scherk_full_speed/main.css]
[digitonaut.com/art/scifi/main.css]
[digitonaut.com/art/sea_anemone/style.css]
[digitonaut.com/art/sea_of_fog/main.css]
[digitonaut.com/art/secco/style.css]
[digitonaut.com/art/seeding/style.css]
[digitonaut.com/art/separation/style.css]
[digitonaut.com/art/seven_dragons/style.css]
[digitonaut.com/art/shader_lab_crater_terrain/reset.css]
[digitonaut.com/art/shader_lab_crater_terrain/page.css]
[digitonaut.com/art/signal_barrel/style.css]
[digitonaut.com/art/signed_plasma/style.css]
[digitonaut.com/art/sky_path/main.css]
[digitonaut.com/art/sky_ride/main.css]
[digitonaut.com/art/skyline/main.css]
[digitonaut.com/art/slim/style.css]
[digitonaut.com/art/smoke_horizon/style.css]
[digitonaut.com/art/snowfall/style.css]
[digitonaut.com/art/soap_bubble/style.css]
[digitonaut.com/art/solar_quartet/style.css]
[digitonaut.com/art/something_pretty/style.css]
[digitonaut.com/art/space_hole/style.css]
[digitonaut.com/art/space_ocean/main.css]
[digitonaut.com/art/space_rocket/style.css]
[digitonaut.com/art/space_structure/main.css]
[digitonaut.com/art/space-to-surface_flight/main.css]
[digitonaut.com/art/spate/style.css]
[digitonaut.com/art/spiky/style.css]
[digitonaut.com/art/spinning_squares/style.css]
[digitonaut.com/art/swirly_doodles/p5.min.js]
[s3-us-west-2.amazonaws.com/s.cdpn.io/544318/logo.jpg]
[digitonaut.com/art/spiral_architect/style.css]
[digitonaut.com/art/spirograph/style.css]
[digitonaut.com/art/spring_variant/style.css]
[digitonaut.com/art/stairway_to_heaven/main.css]
[digitonaut.com/art/strange_tubes/style.css]
[digitonaut.com/art/strange_world/main.css]
[digitonaut.com/art/styx/main.css]
[digitonaut.com/art/submarine_alien_life/main.css]
[digitonaut.com/art/sun_lines/p5.js]
[digitonaut.com/art/subtle_scales/main.css]
[digitonaut.com/art/swirling_dots/style.css]
[digitonaut.com/art/swirly_doodles/style.css]
[digitonaut.com/art/swirly_electric_rainbow/style.css]
[digitonaut.com/art/symmetric_waves/style.css]
[digitonaut.com/art/images/stone.html]
